     1 00000000                                 ; naskfunc
     2 00000000                                 ; TAB=4
     3 00000000                                 
     4 00000000                                 [FORMAT "WCOFF"]				; 오브젝트 파일 만드는 모드
     5 00000000                                 [BITS 32]						; 32비트 모드용 기계어 만듬
     6 00000000                                 
     7 00000000                                 
     8 00000000                                 ; 오브젝트 파일을 위한 정보
     9 00000000                                 
    10 00000000                                 [FILE "naskfunc.nas"]			; 소스 파일명 정보
    11 00000000                                 
    12 00000000                                 		GLOBAL	_io_hlt			; 이 프로그램에 포함된 함수명
    13 00000000                                 
    14 00000000                                 
    15 00000000                                 ; 아래는 실제 함수
    16 00000000                                 
    17                                          [SECTION .text]		; 오브젝트 파일에서 다음의 함수가 있으면 어셈블리어로 작성
    18 00000000                                 
    19 00000000                                 _io_hlt:	; void io_hlt(void);
    20 00000000 F4                              		HLT
    21 00000001 C3                              		RET
